=== Health Check - Tue Apr 28 11:13:01 PM +0545 2026 ===
Memory:
               total        used        free      shared  buff/cache   available
Mem:           7.7Gi       3.3Gi       1.0Gi       548Mi       4.2Gi       4.3Gi
Swap:          3.7Gi       288Ki       3.7Gi
Disk:
/dev/sda3       183G   44G  130G  26% /
---
=== Health Check - Tue Apr 28 11:14:01 PM +0545 2026 ===
Memory:
               total        used        free      shared  buff/cache   available
Mem:           7.7Gi       3.3Gi       1.0Gi       538Mi       4.2Gi       4.3Gi
Swap:          3.7Gi       288Ki       3.7Gi
Disk:
/dev/sda3       183G   44G  130G  26% /
---
=== Health Check - Tue Apr 28 11:15:01 PM +0545 2026 ===
Memory:
               total        used        free      shared  buff/cache   available
Mem:           7.7Gi       3.5Gi       853Mi       563Mi       4.2Gi       4.2Gi
Swap:          3.7Gi       288Ki       3.7Gi
Disk:
/dev/sda3       183G   44G  130G  26% /
---
=== Health Check - Tue Apr 28 11:16:01 PM +0545 2026 ===
Memory:
               total        used        free      shared  buff/cache   available
Mem:           7.7Gi       3.6Gi       753Mi       553Mi       4.2Gi       4.1Gi
Swap:          3.7Gi       288Ki       3.7Gi
Disk:
/dev/sda3       183G   44G  130G  26% /
---
=== Health Check - Tue Apr 28 11:17:01 PM +0545 2026 ===
Memory:
               total        used        free      shared  buff/cache   available
Mem:           7.7Gi       3.4Gi       989Mi       547Mi       4.2Gi       4.3Gi
Swap:          3.7Gi       288Ki       3.7Gi
Disk:
/dev/sda3       183G   44G  130G  26% /
---
=== Health Check - Tue Apr 28 11:18:01 PM +0545 2026 ===
Memory:
               total        used        free      shared  buff/cache   available
Mem:           7.7Gi       3.3Gi       1.0Gi       538Mi       4.2Gi       4.3Gi
Swap:          3.7Gi       288Ki       3.7Gi
Disk:
/dev/sda3       183G   44G  130G  26% /
---
=== Health Check - Tue Apr 28 11:19:01 PM +0545 2026 ===
Memory:
               total        used        free      shared  buff/cache   available
Mem:           7.7Gi       3.4Gi       989Mi       541Mi       4.2Gi       4.3Gi
Swap:          3.7Gi       288Ki       3.7Gi
Disk:
/dev/sda3       183G   44G  130G  26% /
---
=== Health Check - Tue Apr 28 11:20:01 PM +0545 2026 ===
Memory:
               total        used        free      shared  buff/cache   available
Mem:           7.7Gi       3.4Gi       911Mi       548Mi       4.2Gi       4.2Gi
Swap:          3.7Gi       288Ki       3.7Gi
Disk:
/dev/sda3       183G   44G  130G  26% /
---
=== Health Check - Tue Apr 28 11:21:01 PM +0545 2026 ===
Memory:
               total        used        free      shared  buff/cache   available
Mem:           7.7Gi       3.7Gi       590Mi       538Mi       4.2Gi       3.9Gi
Swap:          3.7Gi       288Ki       3.7Gi
Disk:
/dev/sda3       183G   44G  130G  26% /
---
=== Health Check - Tue Apr 28 11:22:01 PM +0545 2026 ===
Memory:
               total        used        free      shared  buff/cache   available
Mem:           7.7Gi       3.3Gi       996Mi       528Mi       4.2Gi       4.3Gi
Swap:          3.7Gi       288Ki       3.7Gi
Disk:
/dev/sda3       183G   44G  130G  26% /
---
